[leo9studio.com/index.html]
[backblue.gif]
[fade.gif]
[index.html]
[leo9studio.com/apple-touch-icon3860.png]
[leo9studio.com/favicon-32x323860.png]
[leo9studio.com/favicon-194x1943860.png]
[leo9studio.com/android-chrome-192x1923860.png]
[leo9studio.com/favicon-16x163860.png]
[leo9studio.com/favicon.ico]
[leo9studio.com/mstile-144x1443860.png]
[leo9studio.com/android-chrome-256x2569ab5.png]
[leo9studio.com/css/leo9fontf9e3.css]
[leo9studio.com/css/maind28d.css]
[cmp.osano.com/169xomU4A9IGa1qFV/1eff298a-6bbc-4863-882f-1a52351771eb/osano.js]
[ik.imagekit.io/2eribsa8w/down-arrow-1_bJX3ixv_r_.png]
[ik.imagekit.io/2eribsa8w/down-arrow-1-dark_C9jwAHVffL.png]
[leo9studio.com/our-work/rigi.html]
[leo9studio.com/our-work/bmw.html]
[ik.imagekit.io/2eribsa8w/tr_f-auto/bmw_ux_consultant_leo9_studio_home_Hd163zd_tt.png]
[leo9studio.com/our-work/nirmal-bang.html]
[ik.imagekit.io/2eribsa8w/tr_f-auto/niramal_bang_ux_consultant_leo9_studio_home_G1O5b-qnNS.png]
[ik.imagekit.io/2eribsa8w/jugal_web_application_leo9_studio_kWavsXDGU8S.png]
[ik.imagekit.io/2eribsa8w/kamlesh-dixit_-3B1XOunV.jpg]
[ik.imagekit.io/2eribsa8w/amit-singh_2hbwldUnU.jpg]
[ik.imagekit.io/2eribsa8w/client-rob_jZRIMY34MGv.jpg]
[ik.imagekit.io/2eribsa8w/client-kapil_f4eYCKtEuzX.jpg]
[ik.imagekit.io/2eribsa8w/client-tanay_nFuVb_LNh1v.jpg]
[ik.imagekit.io/2eribsa8w/ryan-denman_Ln8eWPyE5.jpg]
[ik.imagekit.io/2eribsa8w/yevgen-sokolnikov_SVgNboiwI.jpg]
[ik.imagekit.io/2eribsa8w/pradeep-kumaar_iwkk1vcpd.jpg]
[ik.imagekit.io/2eribsa8w/illustration_ui_ux_leo9_studio_SYOubhS-9_x.png]
[ik.imagekit.io/2eribsa8w/illustration_ui_ux_leo9_studio_dark_pbVFRawoIC1.png]
[code.jquery.com/jquery-3.6.0.min.js]
[cdnjs.cloudflare.com/ajax/libs/gsap/3.6.1/gsap.min.js]
[cdnjs.cloudflare.com/ajax/libs/ScrollMagic/2.0.7/ScrollMagic.min.js]
[ik.imagekit.io/2eribsa8w/animation.gsap.min_h3hAWEkSPG.js]
[cdnjs.cloudflare.com/ajax/libs/gsap/3.6.1/CSSRulePlugin.min.js]
[cdnjs.cloudflare.com/ajax/libs/ScrollMagic/2.0.7/plugins/debug.addIndicators.min.js]
[ik.imagekit.io/2eribsa8w/swiper.min_eXu0j1LZR-.js]
[ik.imagekit.io/2eribsa8w/lottie.min_PCFvDSpX_.js]
[cdnjs.cloudflare.com/ajax/libs/jquery.lazy/1.7.9/jquery.lazy.min.js]
[cdnjs.cloudflare.com/ajax/libs/jquery.lazy/1.7.9/jquery.lazy.plugins.min.js]
[leo9studio.com/js/commonc619.js]
[leo9studio.com/js/homec619.js]
[leo9studio.com/index.html]
[leo9studio.com/site.html]
[leo9studio.com/safari-pinned-tab.svg]
[leo9studio.com/fonts/satoshi/Satoshi-Light.woff]
[leo9studio.com/fonts/satoshi/Satoshi-Light.ttf]
[leo9studio.com/fonts/satoshi/Satoshi-Regular.woff]
[leo9studio.com/fonts/satoshi/Satoshi-Regular.ttf]
[leo9studio.com/fonts/satoshi/Satoshi-Medium.woff]
[leo9studio.com/fonts/satoshi/Satoshi-Medium.ttf]
[leo9studio.com/fonts/satoshi/Satoshi-Bold.woff]
[leo9studio.com/fonts/satoshi/Satoshi-Bold.ttf]
[leo9studio.com/fonts/satoshi/Satoshi-Black.woff]
[leo9studio.com/fonts/satoshi/Satoshi-Black.ttf]
[leo9studio.com/css/leo9fontf9e3.css]
[ik.imagekit.io/2eribsa8w/button-white-layer-rev_MJv7bMU4BR.png]
[leo9studio.com/css/maind28d.css]
[leo9studio.com/img/logo-l-1.svg]
[leo9studio.com/img/client-logos/dark/5.svg]
[leo9studio.com/img/logo-l-2.svg]
[leo9studio.com/img/client-logos/dark/2.svg]
[leo9studio.com/img/logo-l-3.svg]
[leo9studio.com/img/client-logos/dark/3.svg]
[leo9studio.com/img/logo-l-4.svg]
[leo9studio.com/img/client-logos/dark/4.svg]
[leo9studio.com/img/logo-l-5.svg]
[leo9studio.com/img/client-logos/dark/1.svg]
[leo9studio.com/img/logo-l-6.svg]
[leo9studio.com/img/client-logos/dark/6.svg]
[leo9studio.com/css/main.css]
[leo9studio.com/css/leo9font.css]
[leo9studio.com/design/ux-design-services.html]
[leo9studio.com/design/ui-design-services.html]
[leo9studio.com/technology/frontend-services.html]
[leo9studio.com/our-work/index.html]
[leo9studio.com/our-work/travel-xp.html]
[leo9studio.com/img/travelxp_ux_consultant_leo9_studio.jpg]
[leo9studio.com/our-work/reckrut.html]
[leo9studio.com/img/reckrut_ios_app_leo9_studio.jpg]
[leo9studio.com/contact-us.html]
[leo9studio.com/js/link/jquery-3.4.1.min.js]
[leo9studio.com/js/link/gsap.min.js]
[leo9studio.com/js/link/ScrollMagic.min.js]
[leo9studio.com/js/link/animation.gsap.min.js]
[leo9studio.com/js/link/debug.addIndicators.min.js]
[leo9studio.com/js/link/jquery.nicescroll.min.js]
[leo9studio.com/js/link/lottie.min.js]
[leo9studio.com/js/common.js]
[leo9studio.com/js/pageTransition.js]
[leo9studio.com/our-work/rigi.html]
[ik.imagekit.io/2eribsa8w/case-study/BMW/app_design_company_leo9_studio_SKZzPiESV.png]
[ik.imagekit.io/2eribsa8w/case-study/BMW/exec_sec_app_design_company_leo9_studio_moenF9GfUi.png]
[ik.imagekit.io/2eribsa8w/case-study/BMW/design_components_app_design_company_leo9_studio_FqmNMf-YUx.png]
[ik.imagekit.io/2eribsa8w/case-study/BMW/t1_app_design_company_leo9_studio_bMFtpeMuZo.jpg]
[ik.imagekit.io/2eribsa8w/case-study/BMW/t2_app_design_company_leo9_studio_vBr8ccxH0.jpg]
[ik.imagekit.io/2eribsa8w/case-study/BMW/timeline_mobile_app_design_company_leo9_studio_yyp2MUUmB.png]
[leo9studio.com/our-work/sps-canada.html]
[leo9studio.com/img/sps_canada_ux_design_agency_leo9_studio.jpg]
[leo9studio.com/img/nirmal_bang_ui_ux_designing_leo9_studio.jpg]
[leo9studio.com/our-work/bmw.html]
[leo9studio.com/img/case-study/nirmal-bang/banner_ui_ux_designing_leo9_studio.png]
[leo9studio.com/img/case-study/nirmal-bang/exesec_ui_ux_designing_leo9_studio.png]
[leo9studio.com/img/case-study/nirmal-bang/component_ui_ux_designing_leo9_studio.png]
[leo9studio.com/our-work/hunger-pack.html]
[leo9studio.com/img/hungerpack_brand_identity_designer_leo9_studio.jpg]
[leo9studio.com/our-work/payzli.html]
[leo9studio.com/img/payzli_web_design_agency_leo9_studio.jpg]
[leo9studio.com/our-work/nirmal-bang.html]
[leo9studio.com/img/leo9-bottom.svg]
[leo9studio.com/img/leo9-bottom-dark.svg]
[www.googletagmanager.com/gtm5445.html]
[leo9studio.com/fonts/satoshi/Satoshi-Light.html]
[leo9studio.com/fonts/satoshi/Satoshi-Regular.html]
[leo9studio.com/fonts/satoshi/Satoshi-Medium.html]
[leo9studio.com/fonts/satoshi/Satoshi-Bold.html]
[leo9studio.com/fonts/satoshi/Satoshi-Black.html]
[leo9studio.com/css/main.css]
[leo9studio.com/css/leo9font.css]
[maxcdn.bootstrapcdn.com/bootstrap/3.4.1/css/bootstrap.min.css]
[leo9studio.com/css/mainf9e3.css]
[leo9studio.com/img/bmw_ux_consultant_leo9_studio.jpg]
[leo9studio.com/our-work/alphabee.html]
[leo9studio.com/img/alphabee_ux_consultant_leo9_studio.jpg]
[leo9studio.com/our-work/index.html]
[maxcdn.bootstrapcdn.com/bootstrap/3.4.1/js/bootstrap.min.js]
[leo9studio.com/design/index.html]
[leo9studio.com/img/illustration_design_studio_in_mumbai_leo9_studio.png]
[leo9studio.com/js/link/CSSRulePlugin.min.js]
[leo9studio.com/js/service-detail-technology.js]
[leo9studio.com/js/service-detail-design.js]
[leo9studio.com/design/ux-design-services.html]
[leo9studio.com/design/ui-design-services.html]
[leo9studio.com/technology/css3-design.html]
[leo9studio.com/technology/index.html]
[leo9studio.com/technology/javascript-services.html]
[leo9studio.com/technology/frontend-services.html]
[leo9studio.com/img/case-study/travelxp/travelxp_app_design_company_leo9_studio.png]
[leo9studio.com/img/case-study/travelxp/exec_sec_app_design_company_leo9_studio.png]
[leo9studio.com/img/case-study/travelxp/t1_app_design_company_leo9_studio.png]
[leo9studio.com/our-work/travel-xp.html]
[leo9studio.com/img/case-study/reckrut/banner_ios_app_leo9_studio.png]
[leo9studio.com/img/case-study/reckrut/exec_ios_app_leo9_studio.png]
[leo9studio.com/img/case-study/reckrut/r1_ios_app_leo9_studio.png]
[leo9studio.com/our-work/reckrut.html]
[leo9studio.com/apple-touch-icon.png]
[leo9studio.com/favicon-32x32.png]
[leo9studio.com/favicon-194x194.png]
[leo9studio.com/android-chrome-192x192.png]
[leo9studio.com/favicon-16x16.png]
[leo9studio.com/mstile-144x144.png]
[leo9studio.com/android-chrome-256x25679f1.png]
[leo9studio.com/js/contact/modernizr.custom.js]
[leo9studio.com/js/contactScripts.js]
[leo9studio.com/js/contactc619.js]
[leo9studio.com/contact-us.html]
[leo9studio.com/img/arrow-right-white.svg]
[widget.clutch.co/static/js/widget.js]
[leo9studio.com/img/case-study/sps-canada/banner_ux_design_agency_leo9_studio.png]
[leo9studio.com/marketing/branding-services.html]
[leo9studio.com/img/case-study/sps-canada/exe_sec_ux_design_agency_leo9_studio.png]
[leo9studio.com/img/case-study/sps-canada/brand_ux_design_agency_leo9_studio.png]
[leo9studio.com/img/case-study/sps-canada/s1_ux_design_agency_leo9_studio.jpg]
[leo9studio.com/our-work/sps-canada.html]
[leo9studio.com/img/case-study/nirmal-bang/uxd_ui_ux_designing_leo9_studio.svg]
[leo9studio.com/img/case-study/nirmal-bang/uid_ui_ux_designing_leo9_studio.svg]
[leo9studio.com/img/case-study/nirmal-bang/dev_ui_ux_designing_leo9_studio.svg]
[leo9studio.com/img/case-study/nirmal-bang/n1_ui_ux_designing_leo9_studio.svg]
[leo9studio.com/img/case-study/nirmal-bang/n2_ui_ux_designing_leo9_studio.svg]
[leo9studio.com/img/case-study/nirmal-bang/n3_ui_ux_designing_leo9_studio.svg]
[leo9studio.com/img/case-study/nirmal-bang/n4_ui_ux_designing_leo9_studio.svg]
[leo9studio.com/img/case-study/nirmal-bang/n5_ui_ux_designing_leo9_studio.svg]
[leo9studio.com/img/case-study/nirmal-bang/n6_ui_ux_designing_leo9_studio.svg]
[leo9studio.com/img/case-study/nirmal-bang/n7_ui_ux_designing_leo9_studio.svg]
[leo9studio.com/img/case-study/nirmal-bang/time_ui_ux_designing_leo9_studio.svg]
[leo9studio.com/img/case-study/hunger-pack/ban_brand_identity_designer_leo9_studio.png]
[leo9studio.com/design/ux-research.html]
[leo9studio.com/img/case-study/hunger-pack/exec_brand_identity_designer_leo9_studio.png]
[leo9studio.com/img/case-study/hunger-pack/br_brand_identity_designer_leo9_studio.png]
[leo9studio.com/img/case-study/hunger-pack/h1_brand_identity_designer_leo9_studio.png]
[leo9studio.com/our-work/hunger-pack.html]
[ik.imagekit.io/2eribsa8w/case-study/payzli/banner_web_design_agency_leo9_studio_d1sNzs-ng.png]
[ik.imagekit.io/2eribsa8w/case-study/payzli/exec_web_design_agency_leo9_studio_B1sM_xbFTg.png]
[ik.imagekit.io/2eribsa8w/case-study/payzli/p1_web_design_agency_leo9_studio_PIJNeJHu8.png]
[leo9studio.com/img/payzli-timeline-.png]
[leo9studio.com/our-work/payzli.html]
[maxcdn.bootstrapcdn.com/bootstrap/3.4.1/css/bootstrap.min.css]
[leo9studio.com/css/mainf9e3.css]
[leo9studio.com/img/case-study/alphabee/app_design_company_leo9_studio.png]
[leo9studio.com/img/case-study/alphabee/exec_sec_app_design_company_leo9_studio.png]
[leo9studio.com/img/case-study/alphabee/design_components_app_design_company_leo9_studio.png]
[leo9studio.com/img/case-study/alphabee/t1_app_design_company_leo9_studio.png]
[leo9studio.com/img/case-study/alphabee/t2_app_design_company_leo9_studio.png]
[leo9studio.com/img/case-study/alphabee/t3_app_design_company_leo9_studio.png]
[leo9studio.com/img/case-study/alphabee/t4_app_design_company_leo9_studio.png]
[leo9studio.com/img/case-study/alphabee/t5_app_design_company_leo9_studio.png]
[leo9studio.com/img/case-study/alphabee/t6_app_design_company_leo9_studio.png]
[leo9studio.com/img/case-study/alphabee/t7_app_design_company_leo9_studio.png]
[leo9studio.com/img/case-study/alphabee/t8_app_design_company_leo9_studio.png]
[leo9studio.com/img/case-study/alphabee/t9_app_design_company_leo9_studio.png]
[leo9studio.com/img/case-study/alphabee/t10_app_design_company_leo9_studio.png]
[leo9studio.com/img/case-study/alphabee/t11_app_design_company_leo9_studio.png]
[leo9studio.com/img/case-study/alphabee/t12_app_design_company_leo9_studio.png]
[leo9studio.com/img/case-study/alphabee/timeline_mobile_app_design_company_leo9_studio.png]
[leo9studio.com/our-work/alphabee.html]
[leo9studio.com/design/ui-development-services.html]
[leo9studio.com/design/ui-guideline.html]
[leo9studio.com/design/website-design-system.html]
[leo9studio.com/design/ux-consultancy.html]
[leo9studio.com/design/ux-writing.html]
[leo9studio.com/design/ux-animation-services.html]
[leo9studio.com/design/iconography-services.html]
[leo9studio.com/design/illustrations-services.html]
[leo9studio.com/json/design/empathise.json]
[leo9studio.com/json/design/ideate.json]
[leo9studio.com/json/design/prototype.json]
[leo9studio.com/json/design/test.json]
[leo9studio.com/js/business.js]
[leo9studio.com/marketing/index.html]
[leo9studio.com/design/index.html]
[leo9studio.com/img/arrow-left.svg]
[leo9studio.com/design//leo9studio.html]
[unpkg.com/@lottiefiles/lottie-player@2.0.4/dist/lottie-player.js]
[cdn.jsdelivr.net/npm/bootstrap@4.6.0/dist/css/bootstrap.min.css]
[leo9studio.com/technology/web-design-services.html]
[leo9studio.com/technology/website-development-services.html]
[leo9studio.com/technology/backend-development-services.html]
[leo9studio.com/technology/animations-services.html]
[leo9studio.com/technology/crm-services.html]
[leo9studio.com/technology/angular-services.html]
[leo9studio.com/technology/react-development-services.html]
[leo9studio.com/technology/erp-services.html]
[leo9studio.com/technology/wordpress-website-design-services.html]
[leo9studio.com/technology/php-development-services.html]
[leo9studio.com/technology/laravel-services.html]
[leo9studio.com/technology/ecommerce-website-development-service.html]
[leo9studio.com/technology/ios-app-development-services.html]
[leo9studio.com/technology/native-app-development.html]
[leo9studio.com/technology/hybrid-app-development.html]
[leo9studio.com/technology/ionic-app-development-services.html]
[leo9studio.com/technology/android-app-development-services.html]
[leo9studio.com/technology/json/obj_ios_app_development_company_leo9_studio.json]
[leo9studio.com/technology/json/tech_ios_app_development_company_leo9_studio.json]
[leo9studio.com/technology/json/css_ios_app_development_company_leo9_studio.json]
[leo9studio.com/technology/json/test.json]
[leo9studio.com/technology/json/dep_ios_app_development_company_leo9_studio.json]
[leo9studio.com/technology/json/amc_ios_app_development_company_leo9_studio.json]
[leo9studio.com/img/git_ios_app_development_company_leo9_studio.png]
[leo9studio.com/img/vis_ios_app_development_company_leo9_studio.png]
[leo9studio.com/img/trello_ios_app_development_company_leo9_studio.png]
[leo9studio.com/img/file_ios_app_development_company_leo9_studio.png]
[cdn.jsdelivr.net/npm/bootstrap@4.6.0/dist/js/bootstrap.min.js]
[leo9studio.com/js/technology.js]
[leo9studio.com/technology/index.html]
[leo9studio.com/technology/css3-design.html]
[leo9studio.com/technology/javascript-services.html]
[leo9studio.com/img/code_ios_app_development_company_leo9_studio.svg]
[leo9studio.com/img/case-study/travelxp/ux_app_design_company_leo9_studio.svg]
[leo9studio.com/img/case-study/travelxp/ui_app_design_company_leo9_studio.svg]
[leo9studio.com/img/case-study/travelxp/design_components_app_design_company_leo9_studio.svg]
[leo9studio.com/img/case-study/travelxp/t2_app_design_company_leo9_studio.svg]
[leo9studio.com/img/case-study/travelxp/t3_app_design_company_leo9_studio.svg]
[leo9studio.com/img/case-study/travelxp/t4_app_design_company_leo9_studio.svg]
[leo9studio.com/img/case-study/travelxp/t5_app_design_company_leo9_studio.svg]
[leo9studio.com/img/case-study/travelxp/t6_app_design_company_leo9_studio.svg]
[leo9studio.com/img/case-study/travelxp/t7_app_design_company_leo9_studio.svg]
[leo9studio.com/img/case-study/travelxp/timeline_mobile_app_design_company_leo9_studio.svg]
[leo9studio.com/img/case-study/reckrut/uxd_ios_app_leo9_studio.svg]
[leo9studio.com/img/case-study/reckrut/uid_ios_app_leo9_studio.svg]
[leo9studio.com/img/case-study/reckrut/development_ios_app_leo9_studio.svg]
[leo9studio.com/img/case-study/reckrut/components_ios_app_leo9_studio.svg]
[leo9studio.com/img/case-study/reckrut/r2_ios_app_leo9_studio.svg]
[leo9studio.com/img/case-study/reckrut/r3_ios_app_leo9_studio.svg]
[leo9studio.com/img/case-study/reckrut/r4_ios_app_leo9_studio.svg]
[leo9studio.com/img/case-study/reckrut/r5_ios_app_leo9_studio.svg]
[leo9studio.com/img/case-study/reckrut/timeline_ios_app_leo9_studio.svg]
[leo9studio.com/img/arrow-right.svg]
[leo9studio.com/img/india_design_studio_leo9_studio.svg]
[leo9studio.com/img/usa_design_studio_leo9_studio.svg]
[leo9studio.com/img/case-study/sps-canada/branding_ux_design_agency_leo9_studio.svg]
[leo9studio.com/js/service-detail-business.js]
[leo9studio.com/marketing/branding-services.html]
[leo9studio.com/img/case-study/sps-canada/uxd_ux_design_agency_leo9_studio.svg]
[leo9studio.com/img/case-study/sps-canada/uid_ux_design_agency_leo9_studio.svg]
[leo9studio.com/img/case-study/sps-canada/dev_ux_design_agency_leo9_studio.svg]
[leo9studio.com/img/case-study/sps-canada/components_ux_design_agency_leo9_studio.svg]
[leo9studio.com/img/case-study/sps-canada/s2_ux_design_agency_leo9_studio.svg]
[leo9studio.com/img/case-study/sps-canada/s3_ux_design_agency_leo9_studio.svg]
[leo9studio.com/img/case-study/sps-canada/s4_ux_design_agency_leo9_studio.svg]
[leo9studio.com/img/case-study/sps-canada/s5_ux_design_agency_leo9_studio.svg]
[leo9studio.com/img/case-study/sps-canada/s6_ux_design_agency_leo9_studio.svg]
[leo9studio.com/img/case-study/sps-canada/timeline_ux_design_agency_leo9_studio.svg]
[leo9studio.com/img/case-study/hunger-pack/branding_brand_identity_designer_leo9_studio.svg]
[leo9studio.com/img/case-study/hunger-pack/uxd_brand_identity_designer_leo9_studio.svg]
[leo9studio.com/img/case-study/hunger-pack/uid_brand_identity_designer_leo9_studio.svg]
[leo9studio.com/img/case-study/hunger-pack/dev_brand_identity_designer_leo9_studio.svg]
[leo9studio.com/design/ux-research.html]
[leo9studio.com/img/case-study/hunger-pack/dc_brand_identity_designer_leo9_studio.svg]
[leo9studio.com/img/case-study/hunger-pack/h2_brand_identity_designer_leo9_studio.svg]
[leo9studio.com/img/case-study/hunger-pack/h3_brand_identity_designer_leo9_studio.svg]
[leo9studio.com/img/case-study/hunger-pack/h4_brand_identity_designer_leo9_studio.svg]
[leo9studio.com/img/case-study/hunger-pack/h5_brand_identity_designer_leo9_studio.svg]
[leo9studio.com/img/case-study/hunger-pack/h6_brand_identity_designer_leo9_studio.svg]
[leo9studio.com/img/case-study/hunger-pack/h7_brand_identity_designer_leo9_studio.svg]
[leo9studio.com/img/case-study/hunger-pack/time_brand_identity_designer_leo9_studio.svg]
[leo9studio.com/img/case-study/alphabee/ux_app_design_company_leo9_studio.svg]
[leo9studio.com/img/case-study/alphabee/ui_app_design_company_leo9_studio.svg]
[leo9studio.com/img/ring.svg]
[leo9studio.com/design/ui-development-services.html]
[leo9studio.com/design/ui-guideline.html]
[leo9studio.com/design/website-design-system.html]
[leo9studio.com/design/ux-consultancy.html]
[leo9studio.com/design/ux-writing.html]
[leo9studio.com/design/ux-animation-services.html]
[leo9studio.com/design/iconography-services.html]
[leo9studio.com/design/illustrations-services.html]
[leo9studio.com/design/transparent.html]
[leo9studio.com/img/adobe_design_studio_in_mumbai_leo9_studio.svg]
[leo9studio.com/img/photoshop_design_studio_in_mumbai_leo9_studio.svg]
[leo9studio.com/img/illustrator_design_studio_in_mumbai_leo9_studio.svg]
[leo9studio.com/img/tool_design_studio_in_mumbai_leo9_studio.svg]
[leo9studio.com/img/tool2_design_studio_in_mumbai_leo9_studio.svg]
[leo9studio.com/img/tool3_design_studio_in_mumbai_leo9_studio.svg]
[leo9studio.com/marketing/email-marketing.html]
[leo9studio.com/marketing/app-store-optimization.html]
[leo9studio.com/marketing/content-writing-services.html]
[leo9studio.com/marketing/ppc-campaign.html]
[leo9studio.com/marketing/video-marketing-services.html]
[leo9studio.com/marketing/seo-services.html]
[leo9studio.com/marketing/digital-branding-services.html]
[leo9studio.com/marketing/social-media-marketing-services.html]
[leo9studio.com/img/adsense_brand_identity_designers_leo9_studio.png]
[leo9studio.com/img/hungerpack_ux_designer_leo9_studio.png]
[leo9studio.com/marketing/index.html]
[cdn.jsdelivr.net/npm/bootstrap@4.6.0/dist/css/bootstrap.min.css]
[leo9studio.com/technology/web-design-services.html]
[leo9studio.com/technology/website-development-services.html]
[leo9studio.com/technology/backend-development-services.html]
[leo9studio.com/technology/animations-services.html]
[leo9studio.com/technology/crm-services.html]
[leo9studio.com/technology/angular-services.html]
[leo9studio.com/technology/react-development-services.html]
[leo9studio.com/technology/erp-services.html]
[leo9studio.com/technology/wordpress-website-design-services.html]
[leo9studio.com/technology/php-development-services.html]
[leo9studio.com/technology/laravel-services.html]
[leo9studio.com/technology/ecommerce-website-development-service.html]
[leo9studio.com/technology/ios-app-development-services.html]
[leo9studio.com/technology/native-app-development.html]
[leo9studio.com/technology/hybrid-app-development.html]
[leo9studio.com/technology/ionic-app-development-services.html]
[leo9studio.com/technology/android-app-development-services.html]
[leo9studio.com/technology/transparent.html]
[leo9studio.com/img/speed_ios_app_development_company_leo9_studio.svg]
[leo9studio.com/img/tool5_ios_app_development_company_leo9_studio.svg]
[leo9studio.com/img/close-icon.svg]
[leo9studio.com/img/graph_brand_identity_designers_leo9_studio.svg]
[leo9studio.com/marketing//leo9studio.html]
[leo9studio.com/marketing/email-marketing.html]
[leo9studio.com/marketing/app-store-optimization.html]
[leo9studio.com/marketing/content-writing-services.html]
[leo9studio.com/marketing/ppc-campaign.html]
[leo9studio.com/marketing/video-marketing-services.html]
[leo9studio.com/marketing/seo-services.html]
[leo9studio.com/marketing/digital-branding-services.html]
[leo9studio.com/marketing/social-media-marketing-services.html]
[leo9studio.com/img/building_personal_brand_identity_designers_leo9_studio.svg]
[leo9studio.com/img/research_brand_identity_designers_leo9_studio.svg]
[leo9studio.com/img/create_brand_identity_designers_leo9_studio.svg]
[leo9studio.com/img/viusal_brand_identity_designers_leo9_studio.svg]
[leo9studio.com/img/styling_brand_identity_designers_leo9_studio.svg]
[leo9studio.com/img/fb_brand_identity_designers_leo9_studio.svg]
[leo9studio.com/img/twitter_brand_identity_designers_leo9_studio.svg]
[leo9studio.com/img/insta_brand_identity_designers_leo9_studio.svg]
[leo9studio.com/img/linkedin_brand_identity_designers_leo9_studio.svg]
[leo9studio.com/img/tool_brand_identity_designers_leo9_studio.svg]
[leo9studio.com/business/index.html]
